Component: ARM Compiler 5.06 update 7 (build 960) Tool: armlink [4d3601]

==============================================================================

Section Cross References

    startup_tm4c123.o(STACK) refers (Special) to heapauxi.o(.text) for __use_two_region_memory
    startup_tm4c123.o(HEAP) refers (Special) to heapauxi.o(.text) for __use_two_region_memory
    startup_tm4c123.o(RESET) refers (Special) to heapauxi.o(.text) for __use_two_region_memory
    startup_tm4c123.o(RESET) refers to startup_tm4c123.o(STACK) for __initial_sp
    startup_tm4c123.o(RESET) refers to startup_tm4c123.o(.text) for Reset_Handler
    startup_tm4c123.o(RESET) refers to main.o(.text) for SysTick_Handler
    startup_tm4c123.o(RESET) refers to timer0.o(.text) for TIMER0A_Handler
    startup_tm4c123.o(RESET) refers to timer1.o(.text) for TIMER1A_Handler
    startup_tm4c123.o(RESET) refers to timer2.o(.text) for TIMER2A_Handler
    startup_tm4c123.o(RESET) refers to texas.o(.text) for TIMER5A_Handler
    startup_tm4c123.o(.text) refers (Special) to heapauxi.o(.text) for __use_two_region_memory
    startup_tm4c123.o(.text) refers to __main.o(!!!main) for __main
    startup_tm4c123.o(.text) refers to startup_tm4c123.o(HEAP) for Heap_Mem
    startup_tm4c123.o(.text) refers to startup_tm4c123.o(STACK) for Stack_Mem
    main.o(.text) refers to ssd1306.o(.text) for SSD1306_DrawString(short, short, char*, unsigned short)
    main.o(.text) refers to sound.o(.text) for SoundST(const char*, unsigned)
    main.o(.text) refers to main.o(.data) for FallingEdges
    main.o(.text) refers to main.o(.constdata) for bang
    main.o(.text) refers to random.o(.text) for Random()
    main.o(.text) refers to slidepot.o(.text) for ADC_In()
    main.o(.text) refers to main.o(.bss) for my
    main.o(.text) refers to startup_tm4c123.o(.text) for DisableInterrupts
    main.o(.text) refers to texas.o(.text) for TExaS_Init(void(*)())
    main.o(.ARM.exidx) refers to main.o(.text) for .text
    main.o(.data) refers to main.o(.constdata) for standmario
    main.o(.init_array) refers to main.o(.text) for __sti___8_main_cpp_jump
    main.o(.init_array) refers to init_aeabi.o(.text) for __cpp_initialize__aeabi_
    dac.o(.ARM.exidx) refers to dac.o(.text) for .text
    random.o(.text) refers to random.o(.data) for M
    random.o(.ARM.exidx) refers to random.o(.text) for .text
    slidepot.o(.ARM.exidx) refers to slidepot.o(.text) for .text
    sound.o(.text) refers to dac.o(.text) for DAC_Out(unsigned char)
    sound.o(.text) refers to timer0.o(.text) for Timer0_Init(void(*)(), unsigned)
    sound.o(.text) refers to sound.o(.data) for length
    sound.o(.ARM.exidx) refers to sound.o(.text) for .text
    timer0.o(.text) refers to timer0.o(.data) for PeriodicTask0
    timer0.o(.ARM.exidx) refers to timer0.o(.text) for .text
    timer1.o(.text) refers to timer1.o(.data) for PeriodicTask1
    timer1.o(.ARM.exidx) refers to timer1.o(.text) for .text
    i2c3.o(.ARM.exidx) refers to i2c3.o(.text) for .text
    ssd1306.o(.text) refers to i2c3.o(.text) for I2C3_Send2(signed char, unsigned char, unsigned char)
    ssd1306.o(.text) refers to ssd1306.o(.data) for CurrentX
    ssd1306.o(.text) refers to ssd1306.o(.constdata) for dlist1
    ssd1306.o(.text) refers to ssd1306.o(.bss) for buffer
    ssd1306.o(.ARM.exidx) refers to ssd1306.o(.text) for .text
    texas.o(.text) refers to texas.o(.data) for sendDataPt
    texas.o(.ARM.exidx) refers to texas.o(.text) for .text
    timer2.o(.text) refers to timer2.o(.data) for PeriodicTask2
    timer2.o(.ARM.exidx) refers to timer2.o(.text) for .text
    __main.o(!!!main) refers to __rtentry.o(.ARM.Collect$$rtentry$$00000000) for __rt_entry
    init_aeabi.o(.emb_text) refers (Special) to libinit2.o(.ARM.Collect$$libinit$$00000031) for __rt_lib_init_cpp_2
    init_aeabi.o(.init_array) refers (Special) to libinit2.o(.ARM.Collect$$libinit$$00000031) for __rt_lib_init_cpp_2
    init_aeabi.o(.init_array) refers to init_aeabi.o(.text) for __cpp_initialize__aeabi_
    init_aeabi.o(.dummy_text) refers (Special) to libinit2.o(.ARM.Collect$$libinit$$00000031) for __rt_lib_init_cpp_2
    init_aeabi.o(.text) refers (Special) to libinit2.o(.ARM.Collect$$libinit$$00000031) for __rt_lib_init_cpp_2
    init_aeabi.o(.ARM.exidx) refers (Special) to libinit2.o(.ARM.Collect$$libinit$$00000031) for __rt_lib_init_cpp_2
    init_aeabi.o(.ARM.exidx) refers to init_aeabi.o(.text) for .text
    __rtentry.o(.ARM.Collect$$rtentry$$00000000) refers (Special) to __rtentry2.o(.ARM.Collect$$rtentry$$0000000A) for __rt_entry_li
    __rtentry.o(.ARM.Collect$$rtentry$$00000000) refers (Special) to __rtentry2.o(.ARM.Collect$$rtentry$$0000000D) for __rt_entry_main
    __rtentry.o(.ARM.Collect$$rtentry$$00000000) refers (Special) to __rtentry2.o(.ARM.Collect$$rtentry$$0000000C) for __rt_entry_postli_1
    __rtentry.o(.ARM.Collect$$rtentry$$00000000) refers (Special) to __rtentry2.o(.ARM.Collect$$rtentry$$00000009) for __rt_entry_postsh_1
    __rtentry.o(.ARM.Collect$$rtentry$$00000000) refers (Special) to __rtentry2.o(.ARM.Collect$$rtentry$$00000002) for __rt_entry_presh_1
    __rtentry.o(.ARM.Collect$$rtentry$$00000000) refers (Special) to __rtentry4.o(.ARM.Collect$$rtentry$$00000004) for __rt_entry_sh
    libinit2.o(.ARM.Collect$$libinit$$00000010) refers to libinit2.o(.ARM.Collect$$libinit$$0000000F) for .ARM.Collect$$libinit$$0000000F
    libinit2.o(.ARM.Collect$$libinit$$00000012) refers to libinit2.o(.ARM.Collect$$libinit$$0000000F) for .ARM.Collect$$libinit$$0000000F
    libinit2.o(.ARM.Collect$$libinit$$00000014) refers to libinit2.o(.ARM.Collect$$libinit$$0000000F) for .ARM.Collect$$libinit$$0000000F
    libinit2.o(.ARM.Collect$$libinit$$00000016) refers to libinit2.o(.ARM.Collect$$libinit$$0000000F) for .ARM.Collect$$libinit$$0000000F
    libinit2.o(.ARM.Collect$$libinit$$00000018) refers to libinit2.o(.ARM.Collect$$libinit$$0000000F) for .ARM.Collect$$libinit$$0000000F
    libinit2.o(.ARM.Collect$$libinit$$00000026) refers to argv_veneer.o(.emb_text) for __ARM_argv_veneer
    libinit2.o(.ARM.Collect$$libinit$$00000027) refers to argv_veneer.o(.emb_text) for __ARM_argv_veneer
    libinit2.o(.ARM.Collect$$libinit$$00000031) refers (Weak) to init_aeabi.o(.text) for __cpp_initialize__aeabi_
    __rtentry2.o(.ARM.Collect$$rtentry$$00000008) refers to boardinit2.o(.text) for _platform_post_stackheap_init
    __rtentry2.o(.ARM.Collect$$rtentry$$0000000A) refers to libinit.o(.ARM.Collect$$libinit$$00000000) for __rt_lib_init
    __rtentry2.o(.ARM.Collect$$rtentry$$0000000B) refers to boardinit3.o(.text) for _platform_post_lib_init
    __rtentry2.o(.ARM.Collect$$rtentry$$0000000D) refers to main.o(.text) for main
    __rtentry2.o(.ARM.Collect$$rtentry$$0000000D) refers to exit.o(.text) for exit
    __rtentry2.o(.ARM.exidx) refers to __rtentry2.o(.ARM.Collect$$rtentry$$00000001) for .ARM.Collect$$rtentry$$00000001
    __rtentry2.o(.ARM.exidx) refers to __rtentry2.o(.ARM.Collect$$rtentry$$00000008) for .ARM.Collect$$rtentry$$00000008
    __rtentry2.o(.ARM.exidx) refers to __rtentry2.o(.ARM.Collect$$rtentry$$0000000A) for .ARM.Collect$$rtentry$$0000000A
    __rtentry2.o(.ARM.exidx) refers to __rtentry2.o(.ARM.Collect$$rtentry$$0000000B) for .ARM.Collect$$rtentry$$0000000B
    __rtentry2.o(.ARM.exidx) refers to __rtentry2.o(.ARM.Collect$$rtentry$$0000000D) for .ARM.Collect$$rtentry$$0000000D
    __rtentry4.o(.ARM.Collect$$rtentry$$00000004) refers to sys_stackheap_outer.o(.text) for __user_setup_stackheap
    __rtentry4.o(.ARM.exidx) refers to __rtentry4.o(.ARM.Collect$$rtentry$$00000004) for .ARM.Collect$$rtentry$$00000004
    argv_veneer.o(.emb_text) refers to no_argv.o(.text) for __ARM_get_argv
    sys_stackheap_outer.o(.text) refers to libspace.o(.text) for __user_perproc_libspace
    sys_stackheap_outer.o(.text) refers to startup_tm4c123.o(.text) for __user_initial_stackheap
    exit.o(.text) refers to rtexit.o(.ARM.Collect$$rtexit$$00000000) for __rt_exit
    _get_argv_nomalloc.o(.text) refers (Special) to hrguard.o(.text) for __heap_region$guard
    _get_argv_nomalloc.o(.text) refers to defsig_rtmem_outer.o(.text) for __rt_SIGRTMEM
    _get_argv_nomalloc.o(.text) refers to sys_command.o(.text) for _sys_command_string
    libinit.o(.ARM.Collect$$libinit$$00000000) refers (Special) to libinit2.o(.ARM.Collect$$libinit$$0000002E) for __rt_lib_init_alloca_1
    libinit.o(.ARM.Collect$$libinit$$00000000) refers (Special) to libinit2.o(.ARM.Collect$$libinit$$0000002C) for __rt_lib_init_argv_1
    libinit.o(.ARM.Collect$$libinit$$00000000) refers (Special) to libinit2.o(.ARM.Collect$$libinit$$0000001B) for __rt_lib_init_atexit_1
    libinit.o(.ARM.Collect$$libinit$$00000000) refers (Special) to libinit2.o(.ARM.Collect$$libinit$$00000021) for __rt_lib_init_clock_1
    libinit.o(.ARM.Collect$$libinit$$00000000) refers (Special) to libinit2.o(.ARM.Collect$$libinit$$00000032) for __rt_lib_init_cpp_1
    libinit.o(.ARM.Collect$$libinit$$00000000) refers (Special) to libinit2.o(.ARM.Collect$$libinit$$00000030) for __rt_lib_init_exceptions_1
    libinit.o(.ARM.Collect$$libinit$$00000000) refers (Special) to libinit2.o(.ARM.Collect$$libinit$$00000002) for __rt_lib_init_fp_1
    libinit.o(.ARM.Collect$$libinit$$00000000) refers (Special) to libinit2.o(.ARM.Collect$$libinit$$0000001F) for __rt_lib_init_fp_trap_1
    libinit.o(.ARM.Collect$$libinit$$00000000) refers (Special) to libinit2.o(.ARM.Collect$$libinit$$00000023) for __rt_lib_init_getenv_1
    libinit.o(.ARM.Collect$$libinit$$00000000) refers (Special) to libinit2.o(.ARM.Collect$$libinit$$0000000A) for __rt_lib_init_heap_1
    libinit.o(.ARM.Collect$$libinit$$00000000) refers (Special) to libinit2.o(.ARM.Collect$$libinit$$00000011) for __rt_lib_init_lc_collate_1
    libinit.o(.ARM.Collect$$libinit$$00000000) refers (Special) to libinit2.o(.ARM.Collect$$libinit$$00000013) for __rt_lib_init_lc_ctype_1
    libinit.o(.ARM.Collect$$libinit$$00000000) refers (Special) to libinit2.o(.ARM.Collect$$libinit$$00000015) for __rt_lib_init_lc_monetary_1
    libinit.o(.ARM.Collect$$libinit$$00000000) refers (Special) to libinit2.o(.ARM.Collect$$libinit$$00000017) for __rt_lib_init_lc_numeric_1
    libinit.o(.ARM.Collect$$libinit$$00000000) refers (Special) to libinit2.o(.ARM.Collect$$libinit$$00000019) for __rt_lib_init_lc_time_1
    libinit.o(.ARM.Collect$$libinit$$00000000) refers (Special) to libinit2.o(.ARM.Collect$$libinit$$00000004) for __rt_lib_init_preinit_1
    libinit.o(.ARM.Collect$$libinit$$00000000) refers (Special) to libinit2.o(.ARM.Collect$$libinit$$0000000E) for __rt_lib_init_rand_1
    libinit.o(.ARM.Collect$$libinit$$00000000) refers (Special) to libinit2.o(.ARM.Collect$$libinit$$00000033) for __rt_lib_init_return
    libinit.o(.ARM.Collect$$libinit$$00000000) refers (Special) to libinit2.o(.ARM.Collect$$libinit$$0000001D) for __rt_lib_init_signal_1
    libinit.o(.ARM.Collect$$libinit$$00000000) refers (Special) to libinit2.o(.ARM.Collect$$libinit$$00000025) for __rt_lib_init_stdio_1
    libinit.o(.ARM.Collect$$libinit$$00000000) refers (Special) to libinit2.o(.ARM.Collect$$libinit$$0000000C) for __rt_lib_init_user_alloc_1
    sys_command.o(.text) refers (Special) to use_no_semi.o(.text) for __I$use$semihosting
    sys_command.o(.text) refers (Special) to indicate_semi.o(.text) for __semihosting_library_function
    libspace.o(.text) refers to libspace.o(.bss) for __libspace_start
    rtexit.o(.ARM.Collect$$rtexit$$00000000) refers (Special) to rtexit2.o(.ARM.Collect$$rtexit$$00000004) for __rt_exit_exit
    rtexit.o(.ARM.Collect$$rtexit$$00000000) refers (Special) to rtexit2.o(.ARM.Collect$$rtexit$$00000003) for __rt_exit_ls
    rtexit.o(.ARM.Collect$$rtexit$$00000000) refers (Special) to rtexit2.o(.ARM.Collect$$rtexit$$00000002) for __rt_exit_prels_1
    rtexit.o(.ARM.exidx) refers (Special) to rtexit2.o(.ARM.Collect$$rtexit$$00000004) for __rt_exit_exit
    rtexit.o(.ARM.exidx) refers (Special) to rtexit2.o(.ARM.Collect$$rtexit$$00000003) for __rt_exit_ls
    rtexit.o(.ARM.exidx) refers (Special) to rtexit2.o(.ARM.Collect$$rtexit$$00000002) for __rt_exit_prels_1
    rtexit.o(.ARM.exidx) refers to rtexit.o(.ARM.Collect$$rtexit$$00000000) for .ARM.Collect$$rtexit$$00000000
    defsig_rtmem_outer.o(.text) refers to defsig_rtmem_inner.o(.text) for __rt_SIGRTMEM_inner
    defsig_rtmem_outer.o(.text) refers to defsig_exit.o(.text) for __sig_exit
    defsig_rtmem_formal.o(.text) refers to rt_raise.o(.text) for __rt_raise
    rtexit2.o(.ARM.Collect$$rtexit$$00000003) refers to libshutdown.o(.ARM.Collect$$libshutdown$$00000000) for __rt_lib_shutdown
    rtexit2.o(.ARM.Collect$$rtexit$$00000004) refers to sys_exit.o(.text) for _sys_exit
    rtexit2.o(.ARM.exidx) refers to rtexit2.o(.ARM.Collect$$rtexit$$00000001) for .ARM.Collect$$rtexit$$00000001
    rtexit2.o(.ARM.exidx) refers to rtexit2.o(.ARM.Collect$$rtexit$$00000003) for .ARM.Collect$$rtexit$$00000003
    rtexit2.o(.ARM.exidx) refers to rtexit2.o(.ARM.Collect$$rtexit$$00000004) for .ARM.Collect$$rtexit$$00000004
    rt_raise.o(.text) refers to __raise.o(.text) for __raise
    rt_raise.o(.text) refers to sys_exit.o(.text) for _sys_exit
    defsig_exit.o(.text) refers to sys_exit.o(.text) for _sys_exit
    defsig_rtmem_inner.o(.text) refers to defsig_general.o(.text) for __default_signal_display
    sys_exit.o(.text) refers (Special) to use_no_semi.o(.text) for __I$use$semihosting
    sys_exit.o(.text) refers (Special) to indicate_semi.o(.text) for __semihosting_library_function
    __raise.o(.text) refers to defsig.o(CL$$defsig) for __default_signal_handler
    defsig_general.o(.text) refers to sys_wrch.o(.text) for _ttywrch
    libshutdown.o(.ARM.Collect$$libshutdown$$00000000) refers (Special) to libshutdown2.o(.ARM.Collect$$libshutdown$$00000004) for __rt_lib_shutdown_cpp_1
    libshutdown.o(.ARM.Collect$$libshutdown$$00000000) refers (Special) to libshutdown2.o(.ARM.Collect$$libshutdown$$00000002) for __rt_lib_shutdown_fini_1
    libshutdown.o(.ARM.Collect$$libshutdown$$00000000) refers (Special) to libshutdown2.o(.ARM.Collect$$libshutdown$$00000009) for __rt_lib_shutdown_fp_trap_1
    libshutdown.o(.ARM.Collect$$libshutdown$$00000000) refers (Special) to libshutdown2.o(.ARM.Collect$$libshutdown$$00000011) for __rt_lib_shutdown_heap_1
    libshutdown.o(.ARM.Collect$$libshutdown$$00000000) refers (Special) to libshutdown2.o(.ARM.Collect$$libshutdown$$00000012) for __rt_lib_shutdown_return
    libshutdown.o(.ARM.Collect$$libshutdown$$00000000) refers (Special) to libshutdown2.o(.ARM.Collect$$libshutdown$$0000000C) for __rt_lib_shutdown_signal_1
    libshutdown.o(.ARM.Collect$$libshutdown$$00000000) refers (Special) to libshutdown2.o(.ARM.Collect$$libshutdown$$00000006) for __rt_lib_shutdown_stdio_1
    libshutdown.o(.ARM.Collect$$libshutdown$$00000000) refers (Special) to libshutdown2.o(.ARM.Collect$$libshutdown$$0000000E) for __rt_lib_shutdown_user_alloc_1
    sys_wrch.o(.text) refers (Special) to use_no_semi.o(.text) for __I$use$semihosting
    sys_wrch.o(.text) refers (Special) to indicate_semi.o(.text) for __semihosting_library_function
    defsig.o(CL$$defsig) refers to defsig_rtmem_inner.o(.text) for __rt_SIGRTMEM_inner
    defsig_abrt_inner.o(.text) refers to defsig_general.o(.text) for __default_signal_display
    defsig_fpe_inner.o(.text) refers to defsig_general.o(.text) for __default_signal_display
    defsig_rtred_inner.o(.text) refers to defsig_general.o(.text) for __default_signal_display
    defsig_stak_inner.o(.text) refers to defsig_general.o(.text) for __default_signal_display
    defsig_pvfn_inner.o(.text) refers to defsig_general.o(.text) for __default_signal_display
    defsig_cppl_inner.o(.text) refers to defsig_general.o(.text) for __default_signal_display
    defsig_segv_inner.o(.text) refers to defsig_general.o(.text) for __default_signal_display
    defsig_other.o(.text) refers to defsig_general.o(.text) for __default_signal_display


==============================================================================

Removing Unused input sections from the image.

    Removing main.o(.ARM.exidx), (8 bytes).
    Removing dac.o(.ARM.exidx), (8 bytes).
    Removing random.o(.ARM.exidx), (8 bytes).
    Removing slidepot.o(.ARM.exidx), (8 bytes).
    Removing sound.o(.ARM.exidx), (8 bytes).
    Removing timer0.o(.ARM.exidx), (8 bytes).
    Removing timer1.o(.ARM.exidx), (8 bytes).
    Removing i2c3.o(.ARM.exidx), (8 bytes).
    Removing ssd1306.o(.ARM.exidx), (8 bytes).
    Removing texas.o(.ARM.exidx), (8 bytes).
    Removing timer2.o(.ARM.exidx), (8 bytes).

11 unused section(s) (total 88 bytes) removed from the image.

==============================================================================

Image Symbol Table

    Local Symbols

    Symbol Name                              Value     Ov Type        Size  Object(Section)

    RESET                                    0x00000000   Section      620  startup_tm4c123.o(RESET)
    ../clib/angel/boardlib.s                 0x00000000   Number         0  boardinit1.o ABSOLUTE
    ../clib/angel/boardlib.s                 0x00000000   Number         0  boardinit2.o ABSOLUTE
    ../clib/angel/boardlib.s                 0x00000000   Number         0  boardshut.o ABSOLUTE
    ../clib/angel/boardlib.s                 0x00000000   Number         0  boardinit3.o ABSOLUTE
    ../clib/angel/dczerorl2.s                0x00000000   Number         0  __dczerorl2.o ABSOLUTE
    ../clib/angel/handlers.s                 0x00000000   Number         0  __scatter_zi.o ABSOLUTE
    ../clib/angel/kernel.s                   0x00000000   Number         0  __rtentry.o ABSOLUTE
    ../clib/angel/kernel.s                   0x00000000   Number         0  rtexit2.o ABSOLUTE
    ../clib/angel/kernel.s                   0x00000000   Number         0  rtexit.o ABSOLUTE
    ../clib/angel/kernel.s                   0x00000000   Number         0  __rtentry2.o ABSOLUTE
    ../clib/angel/kernel.s                   0x00000000   Number         0  __rtentry4.o ABSOLUTE
    ../clib/angel/rt.s                       0x00000000   Number         0  rt_raise.o ABSOLUTE
    ../clib/angel/scatter.s                  0x00000000   Number         0  __scatter.o ABSOLUTE
    ../clib/angel/startup.s                  0x00000000   Number         0  __main.o ABSOLUTE
    ../clib/angel/sys.s                      0x00000000   Number         0  indicate_semi.o ABSOLUTE
    ../clib/angel/sys.s                      0x00000000   Number         0  libspace.o ABSOLUTE
    ../clib/angel/sys.s                      0x00000000   Number         0  sys_stackheap_outer.o ABSOLUTE
    ../clib/angel/sys.s                      0x00000000   Number         0  use_no_semi.o ABSOLUTE
    ../clib/angel/sysapp.c                   0x00000000   Number         0  sys_exit.o ABSOLUTE
    ../clib/angel/sysapp.c                   0x00000000   Number         0  sys_command.o ABSOLUTE
    ../clib/angel/sysapp.c                   0x00000000   Number         0  sys_wrch.o ABSOLUTE
    ../clib/arm_runtime.c                    0x00000000   Number         0  init_aeabi.o ABSOLUTE
    ../clib/arm_runtime.c                    0x00000000   Number         0  init_aeabi.o ABSOLUTE
    ../clib/armsys.c                         0x00000000   Number         0  argv_veneer.o ABSOLUTE
    ../clib/armsys.c                         0x00000000   Number         0  argv_veneer.o ABSOLUTE
    ../clib/armsys.c                         0x00000000   Number         0  no_argv.o ABSOLUTE
    ../clib/armsys.c                         0x00000000   Number         0  _get_argv_nomalloc.o ABSOLUTE
    ../clib/heapalloc.c                      0x00000000   Number         0  hrguard.o ABSOLUTE
    ../clib/heapaux.c                        0x00000000   Number         0  heapauxi.o ABSOLUTE
    ../clib/libinit.s                        0x00000000   Number         0  libshutdown.o ABSOLUTE
    ../clib/libinit.s                        0x00000000   Number         0  libinit.o ABSOLUTE
    ../clib/libinit.s                        0x00000000   Number         0  libshutdown2.o ABSOLUTE
    ../clib/libinit.s                        0x00000000   Number         0  libinit2.o ABSOLUTE
    ../clib/signal.c                         0x00000000   Number         0  defsig_cppl_inner.o ABSOLUTE
    ../clib/signal.c                         0x00000000   Number         0  defsig_pvfn_inner.o ABSOLUTE
    ../clib/signal.c                         0x00000000   Number         0  defsig_stak_inner.o ABSOLUTE
    ../clib/signal.c                         0x00000000   Number         0  defsig_rtred_inner.o ABSOLUTE
    ../clib/signal.c                         0x00000000   Number         0  defsig_fpe_inner.o ABSOLUTE
    ../clib/signal.c                         0x00000000   Number         0  defsig_abrt_inner.o ABSOLUTE
    ../clib/signal.c                         0x00000000   Number         0  defsig_rtmem_outer.o ABSOLUTE
    ../clib/signal.c                         0x00000000   Number         0  __raise.o ABSOLUTE
    ../clib/signal.c                         0x00000000   Number         0  defsig_exit.o ABSOLUTE
    ../clib/signal.c                         0x00000000   Number         0  defsig_general.o ABSOLUTE
    ../clib/signal.c                         0x00000000   Number         0  defsig_rtmem_inner.o ABSOLUTE
    ../clib/signal.c                         0x00000000   Number         0  defsig_segv_inner.o ABSOLUTE
    ../clib/signal.c                         0x00000000   Number         0  defsig_other.o ABSOLUTE
    ../clib/signal.c                         0x00000000   Number         0  defsig_rtmem_formal.o ABSOLUTE
    ../clib/signal.s                         0x00000000   Number         0  defsig.o ABSOLUTE
    ../clib/stdlib.c                         0x00000000   Number         0  exit.o ABSOLUTE
    ../fplib/fpinit.s                        0x00000000   Number         0  fpinit.o ABSOLUTE
    DAC.cpp                                  0x00000000   Number         0  dac.o ABSOLUTE
    I2C3.cpp                                 0x00000000   Number         0  i2c3.o ABSOLUTE
    SSD1306.cpp                              0x00000000   Number         0  ssd1306.o ABSOLUTE
    SlidePot.cpp                             0x00000000   Number         0  slidepot.o ABSOLUTE
    Sound.cpp                                0x00000000   Number         0  sound.o ABSOLUTE
    Switch.cpp                               0x00000000   Number         0  switch.o ABSOLUTE
    TExaS.cpp                                0x00000000   Number         0  texas.o ABSOLUTE
    Timer0.cpp                               0x00000000   Number         0  timer0.o ABSOLUTE
    Timer1.cpp                               0x00000000   Number         0  timer1.o ABSOLUTE
    Timer2.cpp                               0x00000000   Number         0  timer2.o ABSOLUTE
    dc.s                                     0x00000000   Number         0  dc.o ABSOLUTE
    main.cpp                                 0x00000000   Number         0  main.o ABSOLUTE
    random.cpp                               0x00000000   Number         0  random.o ABSOLUTE
    startup_TM4C123.s                        0x00000000   Number         0  startup_tm4c123.o ABSOLUTE
    !!!main                                  0x0000026c   Section        8  __main.o(!!!main)
    !!!scatter                               0x00000274   Section       52  __scatter.o(!!!scatter)
    !!dczerorl2                              0x000002a8   Section       90  __dczerorl2.o(!!dczerorl2)
    !!handler_zi                             0x00000304   Section       28  __scatter_zi.o(!!handler_zi)
    .ARM.Collect$$libinit$$00000000          0x00000320   Section        2  libinit.o(.ARM.Collect$$libinit$$00000000)
    .ARM.Collect$$libinit$$00000002          0x00000322   Section        0  libinit2.o(.ARM.Collect$$libinit$$00000002)
    .ARM.Collect$$libinit$$00000004          0x00000322   Section        0  libinit2.o(.ARM.Collect$$libinit$$00000004)
    .ARM.Collect$$libinit$$0000000A          0x00000322   Section        0  libinit2.o(.ARM.Collect$$libinit$$0000000A)
    .ARM.Collect$$libinit$$0000000C          0x00000322   Section        0  libinit2.o(.ARM.Collect$$libinit$$0000000C)
    .ARM.Collect$$libinit$$0000000E          0x00000322   Section        0  libinit2.o(.ARM.Collect$$libinit$$0000000E)
    .ARM.Collect$$libinit$$00000011          0x00000322   Section        0  libinit2.o(.ARM.Collect$$libinit$$00000011)
    .ARM.Collect$$libinit$$00000013          0x00000322   Section        0  libinit2.o(.ARM.Collect$$libinit$$00000013)
    .ARM.Collect$$libinit$$00000015          0x00000322   Section        0  libinit2.o(.ARM.Collect$$libinit$$00000015)
    .ARM.Collect$$libinit$$00000017          0x00000322   Section        0  libinit2.o(.ARM.Collect$$libinit$$00000017)
    .ARM.Collect$$libinit$$00000019          0x00000322   Section        0  libinit2.o(.ARM.Collect$$libinit$$00000019)
    .ARM.Collect$$libinit$$0000001B          0x00000322   Section        0  libinit2.o(.ARM.Collect$$libinit$$0000001B)
    .ARM.Collect$$libinit$$0000001D          0x00000322   Section        0  libinit2.o(.ARM.Collect$$libinit$$0000001D)
    .ARM.Collect$$libinit$$0000001F          0x00000322   Section        0  libinit2.o(.ARM.Collect$$libinit$$0000001F)
    .ARM.Collect$$libinit$$00000021          0x00000322   Section        0  libinit2.o(.ARM.Collect$$libinit$$00000021)
    .ARM.Collect$$libinit$$00000023          0x00000322   Section        0  libinit2.o(.ARM.Collect$$libinit$$00000023)
    .ARM.Collect$$libinit$$00000025          0x00000322   Section        0  libinit2.o(.ARM.Collect$$libinit$$00000025)
    .ARM.Collect$$libinit$$0000002C          0x00000322   Section        0  libinit2.o(.ARM.Collect$$libinit$$0000002C)
    .ARM.Collect$$libinit$$0000002E          0x00000322   Section        0  libinit2.o(.ARM.Collect$$libinit$$0000002E)
    .ARM.Collect$$libinit$$00000030          0x00000322   Section        0  libinit2.o(.ARM.Collect$$libinit$$00000030)
    .ARM.Collect$$libinit$$00000031          0x00000322   Section        4  libinit2.o(.ARM.Collect$$libinit$$00000031)
    .ARM.Collect$$libinit$$00000032          0x00000326   Section        0  libinit2.o(.ARM.Collect$$libinit$$00000032)
    .ARM.Collect$$libinit$$00000033          0x00000326   Section        2  libinit2.o(.ARM.Collect$$libinit$$00000033)
    .ARM.Collect$$libshutdown$$00000000      0x00000328   Section        2  libshutdown.o(.ARM.Collect$$libshutdown$$00000000)
    .ARM.Collect$$libshutdown$$00000002      0x0000032a   Section        0  libshutdown2.o(.ARM.Collect$$libshutdown$$00000002)
    .ARM.Collect$$libshutdown$$00000004      0x0000032a   Section        0  libshutdown2.o(.ARM.Collect$$libshutdown$$00000004)
    .ARM.Collect$$libshutdown$$00000006      0x0000032a   Section        0  libshutdown2.o(.ARM.Collect$$libshutdown$$00000006)
    .ARM.Collect$$libshutdown$$00000009      0x0000032a   Section        0  libshutdown2.o(.ARM.Collect$$libshutdown$$00000009)
    .ARM.Collect$$libshutdown$$0000000C      0x0000032a   Section        0  libshutdown2.o(.ARM.Collect$$libshutdown$$0000000C)
    .ARM.Collect$$libshutdown$$0000000E      0x0000032a   Section        0  libshutdown2.o(.ARM.Collect$$libshutdown$$0000000E)
    .ARM.Collect$$libshutdown$$00000011      0x0000032a   Section        0  libshutdown2.o(.ARM.Collect$$libshutdown$$00000011)
    .ARM.Collect$$libshutdown$$00000012      0x0000032a   Section        2  libshutdown2.o(.ARM.Collect$$libshutdown$$00000012)
    .ARM.Collect$$rtentry$$00000000          0x0000032c   Section        0  __rtentry.o(.ARM.Collect$$rtentry$$00000000)
    .ARM.Collect$$rtentry$$00000002          0x0000032c   Section        0  __rtentry2.o(.ARM.Collect$$rtentry$$00000002)
    .ARM.Collect$$rtentry$$00000004          0x0000032c   Section        6  __rtentry4.o(.ARM.Collect$$rtentry$$00000004)
    .ARM.Collect$$rtentry$$00000009          0x00000332   Section        0  __rtentry2.o(.ARM.Collect$$rtentry$$00000009)
    .ARM.Collect$$rtentry$$0000000A          0x00000332   Section        4  __rtentry2.o(.ARM.Collect$$rtentry$$0000000A)
    .ARM.Collect$$rtentry$$0000000C          0x00000336   Section        0  __rtentry2.o(.ARM.Collect$$rtentry$$0000000C)
    .ARM.Collect$$rtentry$$0000000D          0x00000336   Section        8  __rtentry2.o(.ARM.Collect$$rtentry$$0000000D)
    .ARM.Collect$$rtexit$$00000000           0x0000033e   Section        2  rtexit.o(.ARM.Collect$$rtexit$$00000000)
    .ARM.Collect$$rtexit$$00000002           0x00000340   Section        0  rtexit2.o(.ARM.Collect$$rtexit$$00000002)
    .ARM.Collect$$rtexit$$00000003           0x00000340   Section        4  rtexit2.o(.ARM.Collect$$rtexit$$00000003)
    .ARM.Collect$$rtexit$$00000004           0x00000344   Section        6  rtexit2.o(.ARM.Collect$$rtexit$$00000004)
    .text                                    0x0000034c   Section      296  startup_tm4c123.o(.text)
    .text                                    0x00000474   Section        0  main.o(.text)
    __sti___8_main_cpp_jump                  0x00002487   Thumb Code    14  main.o(.text)
    .text                                    0x0000249c   Section        0  dac.o(.text)
    .text                                    0x000024dc   Section        0  random.o(.text)
    .text                                    0x0000251c   Section        0  slidepot.o(.text)
    .text                                    0x00002688   Section        0  sound.o(.text)
    .text                                    0x00002758   Section        0  timer0.o(.text)
    .text                                    0x000027c8   Section        0  timer1.o(.text)
    .text                                    0x00002838   Section        0  i2c3.o(.text)
    .text                                    0x00002df0   Section        0  ssd1306.o(.text)
    .text                                    0x00003fcc   Section        0  texas.o(.text)
    .text                                    0x00004250   Section        0  timer2.o(.text)
    .text                                    0x000042c0   Section        0  heapauxi.o(.text)
    .text                                    0x000042c8   Section        0  init_aeabi.o(.text)
    .text                                    0x000042ec   Section       74  sys_stackheap_outer.o(.text)
    .text                                    0x00004336   Section        0  exit.o(.text)
    .text                                    0x00004348   Section        8  libspace.o(.text)
    .text                                    0x00004350   Section        2  use_no_semi.o(.text)
    .text                                    0x00004352   Section        0  indicate_semi.o(.text)
    .text                                    0x00004354   Section        0  sys_exit.o(.text)
    .constdata                               0x00004360   Section     9888  main.o(.constdata)
    newtitle                                 0x00004360   Data        2795  main.o(.constdata)
    standmario                               0x00004e4b   Data         279  main.o(.constdata)
    luigijump                                0x00004f62   Data         359  main.o(.constdata)
    hail                                     0x000050c9   Data         199  main.o(.constdata)
    snowmans                                 0x00005190   Data         359  main.o(.constdata)
    mariocrouch                              0x000052f7   Data         215  main.o(.constdata)
    newyoshi                                 0x000053ce   Data         407  main.o(.constdata)
    luigi                                    0x00005565   Data         407  main.o(.constdata)
    eggyoshi                                 0x000056fc   Data         247  main.o(.constdata)
    bang                                     0x000057f3   Data        3585  main.o(.constdata)
    quickjump                                0x000065f4   Data        1036  main.o(.constdata)
    .constdata                               0x00006a00   Section     1443  ssd1306.o(.constdata)
    ASCII                                    0x00006a00   Data        1374  ssd1306.o(.constdata)
    init1                                    0x00006f5e   Data           5  ssd1306.o(.constdata)
    init2                                    0x00006f63   Data           5  ssd1306.o(.constdata)
    init3                                    0x00006f68   Data           5  ssd1306.o(.constdata)
    init4b                                   0x00006f6d   Data           4  ssd1306.o(.constdata)
    init5                                    0x00006f71   Data           7  ssd1306.o(.constdata)
    premask                                  0x00006f78   Data           8  ssd1306.o(.constdata)
    postmask                                 0x00006f80   Data           8  ssd1306.o(.constdata)
    dlist1                                   0x00006f88   Data           5  ssd1306.o(.constdata)
    scrollList1a                             0x00006f8d   Data           2  ssd1306.o(.constdata)
    scrollList1b                             0x00006f8f   Data           3  ssd1306.o(.constdata)
    scrollList2a                             0x00006f92   Data           2  ssd1306.o(.constdata)
    scrollList2b                             0x00006f94   Data           3  ssd1306.o(.constdata)
    scrollList3a                             0x00006f97   Data           2  ssd1306.o(.constdata)
    scrollList3b                             0x00006f99   Data           2  ssd1306.o(.constdata)
    scrollList3c                             0x00006f9b   Data           2  ssd1306.o(.constdata)
    scrollList4a                             0x00006f9d   Data           2  ssd1306.o(.constdata)
    scrollList4b                             0x00006f9f   Data           2  ssd1306.o(.constdata)
    scrollList4c                             0x00006fa1   Data           2  ssd1306.o(.constdata)
    .init_array                              0x00006fc4   Section        4  main.o(.init_array)
    .init_array                              0x00006fc8   Section        0  init_aeabi.o(.init_array)
    .data                                    0x20000000   Section     1920  main.o(.data)
    .data                                    0x20000780   Section        4  random.o(.data)
    M                                        0x20000780   Data           4  random.o(.data)
    .data                                    0x20000784   Section       12  sound.o(.data)
    .data                                    0x20000790   Section        4  timer0.o(.data)
    .data                                    0x20000794   Section        4  timer1.o(.data)
    .data                                    0x20000798   Section       42  ssd1306.o(.data)
    DeltaX                                   0x200007a0   Data           4  ssd1306.o(.data)
    MaxX                                     0x200007a4   Data           4  ssd1306.o(.data)
    MinX                                     0x200007a8   Data           4  ssd1306.o(.data)
    DeltaY                                   0x200007ac   Data           4  ssd1306.o(.data)
    MaxY                                     0x200007b0   Data           4  ssd1306.o(.data)
    MinY                                     0x200007b4   Data           4  ssd1306.o(.data)
    PlotColor                                0x200007b8   Data           2  ssd1306.o(.data)
    .data                                    0x200007c4   Section        4  texas.o(.data)
    .data                                    0x200007c8   Section        4  timer2.o(.data)
    .bss                                     0x200007cc   Section       20  main.o(.bss)
    .bss                                     0x200007e0   Section     1024  ssd1306.o(.bss)
    .bss                                     0x20000be0   Section       96  libspace.o(.bss)
    HEAP                                     0x20000c40   Section     1024  startup_tm4c123.o(HEAP)
    Heap_Mem                                 0x20000c40   Data        1024  startup_tm4c123.o(HEAP)
    STACK                                    0x20001040   Section     1024  startup_tm4c123.o(STACK)
    Stack_Mem                                0x20001040   Data        1024  startup_tm4c123.o(STACK)
    __initial_sp                             0x20001440   Data           0  startup_tm4c123.o(STACK)

    Global Symbols

    Symbol Name                              Value     Ov Type        Size  Object(Section)

    BuildAttributes$$THM_ISAv4$E$P$D$K$B$S$7EM$PE$A:L22UL41UL21$X:L11$S22US41US21$IEEE1$IW$USESV6$~STKCKD$USESV7$~SHL$OSPACE$ROPI$EBA8$UX$STANDARDLIB$REQ8$PRES8$EABIv2 0x00000000   Number         0  anon$$obj.o ABSOLUTE
    __ARM_use_no_argv                        0x00000000   Number         0  main.o ABSOLUTE
    __Vectors                                0x00000000   Data           4  startup_tm4c123.o(RESET)
    __ARM_exceptions_init                     - Undefined Weak Reference
    __alloca_initialize                       - Undefined Weak Reference
    __arm_fini_                               - Undefined Weak Reference
    __arm_preinit_                            - Undefined Weak Reference
    __cxa_finalize                            - Undefined Weak Reference
    __rt_locale                               - Undefined Weak Reference
    __sigvec_lookup                           - Undefined Weak Reference
    _atexit_init                              - Undefined Weak Reference
    _call_atexit_fns                          - Undefined Weak Reference
    _clock_init                               - Undefined Weak Reference
    _fp_trap_init                             - Undefined Weak Reference
    _fp_trap_shutdown                         - Undefined Weak Reference
    _get_lc_collate                           - Undefined Weak Reference
    _get_lc_ctype                             - Undefined Weak Reference
    _get_lc_monetary                          - Undefined Weak Reference
    _get_lc_numeric                           - Undefined Weak Reference
    _get_lc_time                              - Undefined Weak Reference
    _getenv_init                              - Undefined Weak Reference
    _handle_redirection                       - Undefined Weak Reference
    _init_alloc                               - Undefined Weak Reference
    _init_user_alloc                          - Undefined Weak Reference
    _initio                                   - Undefined Weak Reference
    _rand_init                                - Undefined Weak Reference
    _signal_finish                            - Undefined Weak Reference
    _signal_init                              - Undefined Weak Reference
    _terminate_alloc                          - Undefined Weak Reference
    _terminate_user_alloc                     - Undefined Weak Reference
    _terminateio                              - Undefined Weak Reference
    __Vectors_End                            0x0000026c   Data           0  startup_tm4c123.o(RESET)
    __Vectors_Size                           0x0000026c   Number         0  startup_tm4c123.o ABSOLUTE
    __main                                   0x0000026d   Thumb Code     8  __main.o(!!!main)
    __scatterload                            0x00000275   Thumb Code     0  __scatter.o(!!!scatter)
    __scatterload_rt2                        0x00000275   Thumb Code    44  __scatter.o(!!!scatter)
    __scatterload_rt2_thumb_only             0x00000275   Thumb Code     0  __scatter.o(!!!scatter)
    __scatterload_null                       0x00000283   Thumb Code     0  __scatter.o(!!!scatter)
    __decompress                             0x000002a9   Thumb Code    90  __dczerorl2.o(!!dczerorl2)
    __decompress1                            0x000002a9   Thumb Code     0  __dczerorl2.o(!!dczerorl2)
    __scatterload_zeroinit                   0x00000305   Thumb Code    28  __scatter_zi.o(!!handler_zi)
    __rt_lib_init                            0x00000321   Thumb Code     0  libinit.o(.ARM.Collect$$libinit$$00000000)
    __rt_lib_init_alloca_1                   0x00000323   Thumb Code     0  libinit2.o(.ARM.Collect$$libinit$$0000002E)
    __rt_lib_init_argv_1                     0x00000323   Thumb Code     0  libinit2.o(.ARM.Collect$$libinit$$0000002C)
    __rt_lib_init_atexit_1                   0x00000323   Thumb Code     0  libinit2.o(.ARM.Collect$$libinit$$0000001B)
    __rt_lib_init_clock_1                    0x00000323   Thumb Code     0  libinit2.o(.ARM.Collect$$libinit$$00000021)
    __rt_lib_init_cpp_2                      0x00000323   Thumb Code     0  libinit2.o(.ARM.Collect$$libinit$$00000031)
    __rt_lib_init_exceptions_1               0x00000323   Thumb Code     0  libinit2.o(.ARM.Collect$$libinit$$00000030)
    __rt_lib_init_fp_1                       0x00000323   Thumb Code     0  libinit2.o(.ARM.Collect$$libinit$$00000002)
    __rt_lib_init_fp_trap_1                  0x00000323   Thumb Code     0  libinit2.o(.ARM.Collect$$libinit$$0000001F)
    __rt_lib_init_getenv_1                   0x00000323   Thumb Code     0  libinit2.o(.ARM.Collect$$libinit$$00000023)
    __rt_lib_init_heap_1                     0x00000323   Thumb Code     0  libinit2.o(.ARM.Collect$$libinit$$0000000A)
    __rt_lib_init_lc_collate_1               0x00000323   Thumb Code     0  libinit2.o(.ARM.Collect$$libinit$$00000011)
    __rt_lib_init_lc_ctype_1                 0x00000323   Thumb Code     0  libinit2.o(.ARM.Collect$$libinit$$00000013)
    __rt_lib_init_lc_monetary_1              0x00000323   Thumb Code     0  libinit2.o(.ARM.Collect$$libinit$$00000015)
    __rt_lib_init_lc_numeric_1               0x00000323   Thumb Code     0  libinit2.o(.ARM.Collect$$libinit$$00000017)
    __rt_lib_init_lc_time_1                  0x00000323   Thumb Code     0  libinit2.o(.ARM.Collect$$libinit$$00000019)
    __rt_lib_init_preinit_1                  0x00000323   Thumb Code     0  libinit2.o(.ARM.Collect$$libinit$$00000004)
    __rt_lib_init_rand_1                     0x00000323   Thumb Code     0  libinit2.o(.ARM.Collect$$libinit$$0000000E)
    __rt_lib_init_signal_1                   0x00000323   Thumb Code     0  libinit2.o(.ARM.Collect$$libinit$$0000001D)
    __rt_lib_init_stdio_1                    0x00000323   Thumb Code     0  libinit2.o(.ARM.Collect$$libinit$$00000025)
    __rt_lib_init_user_alloc_1               0x00000323   Thumb Code     0  libinit2.o(.ARM.Collect$$libinit$$0000000C)
    __rt_lib_init_cpp_1                      0x00000327   Thumb Code     0  libinit2.o(.ARM.Collect$$libinit$$00000032)
    __rt_lib_init_return                     0x00000327   Thumb Code     0  libinit2.o(.ARM.Collect$$libinit$$00000033)
    __rt_lib_shutdown                        0x00000329   Thumb Code     0  libshutdown.o(.ARM.Collect$$libshutdown$$00000000)
    __rt_lib_shutdown_cpp_1                  0x0000032b   Thumb Code     0  libshutdown2.o(.ARM.Collect$$libshutdown$$00000004)
    __rt_lib_shutdown_fini_1                 0x0000032b   Thumb Code     0  libshutdown2.o(.ARM.Collect$$libshutdown$$00000002)
    __rt_lib_shutdown_fp_trap_1              0x0000032b   Thumb Code     0  libshutdown2.o(.ARM.Collect$$libshutdown$$00000009)
    __rt_lib_shutdown_heap_1                 0x0000032b   Thumb Code     0  libshutdown2.o(.ARM.Collect$$libshutdown$$00000011)
    __rt_lib_shutdown_return                 0x0000032b   Thumb Code     0  libshutdown2.o(.ARM.Collect$$libshutdown$$00000012)
    __rt_lib_shutdown_signal_1               0x0000032b   Thumb Code     0  libshutdown2.o(.ARM.Collect$$libshutdown$$0000000C)
    __rt_lib_shutdown_stdio_1                0x0000032b   Thumb Code     0  libshutdown2.o(.ARM.Collect$$libshutdown$$00000006)
    __rt_lib_shutdown_user_alloc_1           0x0000032b   Thumb Code     0  libshutdown2.o(.ARM.Collect$$libshutdown$$0000000E)
    __rt_entry                               0x0000032d   Thumb Code     0  __rtentry.o(.ARM.Collect$$rtentry$$00000000)
    __rt_entry_presh_1                       0x0000032d   Thumb Code     0  __rtentry2.o(.ARM.Collect$$rtentry$$00000002)
    __rt_entry_sh                            0x0000032d   Thumb Code     0  __rtentry4.o(.ARM.Collect$$rtentry$$00000004)
    __rt_entry_li                            0x00000333   Thumb Code     0  __rtentry2.o(.ARM.Collect$$rtentry$$0000000A)
    __rt_entry_postsh_1                      0x00000333   Thumb Code     0  __rtentry2.o(.ARM.Collect$$rtentry$$00000009)
    __rt_entry_main                          0x00000337   Thumb Code     0  __rtentry2.o(.ARM.Collect$$rtentry$$0000000D)
    __rt_entry_postli_1                      0x00000337   Thumb Code     0  __rtentry2.o(.ARM.Collect$$rtentry$$0000000C)
    __rt_exit                                0x0000033f   Thumb Code     0  rtexit.o(.ARM.Collect$$rtexit$$00000000)
    __rt_exit_ls                             0x00000341   Thumb Code     0  rtexit2.o(.ARM.Collect$$rtexit$$00000003)
    __rt_exit_prels_1                        0x00000341   Thumb Code     0  rtexit2.o(.ARM.Collect$$rtexit$$00000002)
    __rt_exit_exit                           0x00000345   Thumb Code     0  rtexit2.o(.ARM.Collect$$rtexit$$00000004)
    Reset_Handler                            0x0000034d   Thumb Code     4  startup_tm4c123.o(.text)
    DisableInterrupts                        0x00000351   Thumb Code     4  startup_tm4c123.o(.text)
    EnableInterrupts                         0x00000355   Thumb Code     4  startup_tm4c123.o(.text)
    StartCritical                            0x00000359   Thumb Code     8  startup_tm4c123.o(.text)
    EndCritical                              0x00000361   Thumb Code     6  startup_tm4c123.o(.text)
    WaitForInterrupt                         0x00000367   Thumb Code     4  startup_tm4c123.o(.text)
    NMI_Handler                              0x0000036b   Thumb Code     2  startup_tm4c123.o(.text)
    HardFault_Handler                        0x0000036d   Thumb Code     2  startup_tm4c123.o(.text)
    MemManage_Handler                        0x0000036f   Thumb Code     2  startup_tm4c123.o(.text)
    BusFault_Handler                         0x00000371   Thumb Code     2  startup_tm4c123.o(.text)
    UsageFault_Handler                       0x00000373   Thumb Code     2  startup_tm4c123.o(.text)
    SVC_Handler                              0x00000375   Thumb Code     2  startup_tm4c123.o(.text)
    DebugMon_Handler                         0x00000377   Thumb Code     2  startup_tm4c123.o(.text)
    PendSV_Handler                           0x00000379   Thumb Code     2  startup_tm4c123.o(.text)
    GPIOA_Handler                            0x0000037d   Thumb Code     2  startup_tm4c123.o(.text)
    GPIOB_Handler                            0x0000037f   Thumb Code     2  startup_tm4c123.o(.text)
    GPIOC_Handler                            0x00000381   Thumb Code     2  startup_tm4c123.o(.text)
    GPIOD_Handler                            0x00000383   Thumb Code     2  startup_tm4c123.o(.text)
    UART0_Handler                            0x00000387   Thumb Code     2  startup_tm4c123.o(.text)
    UART1_Handler                            0x00000389   Thumb Code     2  startup_tm4c123.o(.text)
    SSI0_Handler                             0x0000038b   Thumb Code     2  startup_tm4c123.o(.text)
    I2C0_Handler                             0x0000038d   Thumb Code     2  startup_tm4c123.o(.text)
    PMW0_FAULT_Handler                       0x0000038f   Thumb Code     2  startup_tm4c123.o(.text)
    PWM0_0_Handler                           0x00000391   Thumb Code     2  startup_tm4c123.o(.text)
    PWM0_1_Handler                           0x00000393   Thumb Code     2  startup_tm4c123.o(.text)
    PWM0_2_Handler                           0x00000395   Thumb Code     2  startup_tm4c123.o(.text)
    QEI0_Handler                             0x00000397   Thumb Code     2  startup_tm4c123.o(.text)
    ADC0SS0_Handler                          0x00000399   Thumb Code     2  startup_tm4c123.o(.text)
    ADC0SS1_Handler                          0x0000039b   Thumb Code     2  startup_tm4c123.o(.text)
    ADC0SS2_Handler                          0x0000039d   Thumb Code     2  startup_tm4c123.o(.text)
    ADC0SS3_Handler                          0x0000039f   Thumb Code     2  startup_tm4c123.o(.text)
    WDT0_Handler                             0x000003a1   Thumb Code     2  startup_tm4c123.o(.text)
    TIMER0B_Handler                          0x000003a5   Thumb Code     2  startup_tm4c123.o(.text)
    TIMER1B_Handler                          0x000003a9   Thumb Code     2  startup_tm4c123.o(.text)
    TIMER2B_Handler                          0x000003ad   Thumb Code     2  startup_tm4c123.o(.text)
    COMP0_Handler                            0x000003af   Thumb Code     2  startup_tm4c123.o(.text)
    COMP1_Handler                            0x000003b1   Thumb Code     2  startup_tm4c123.o(.text)
    COMP2_Handler                            0x000003b3   Thumb Code     2  startup_tm4c123.o(.text)
    SYSCTL_Handler                           0x000003b5   Thumb Code     2  startup_tm4c123.o(.text)
    FLASH_Handler                            0x000003b7   Thumb Code     2  startup_tm4c123.o(.text)
    GPIOF_Handler                            0x000003b9   Thumb Code     2  startup_tm4c123.o(.text)
    GPIOG_Handler                            0x000003bb   Thumb Code     2  startup_tm4c123.o(.text)
    GPIOH_Handler                            0x000003bd   Thumb Code     2  startup_tm4c123.o(.text)
    UART2_Handler                            0x000003bf   Thumb Code     2  startup_tm4c123.o(.text)
    SSI1_Handler                             0x000003c1   Thumb Code     2  startup_tm4c123.o(.text)
    TIMER3A_Handler                          0x000003c3   Thumb Code     2  startup_tm4c123.o(.text)
    TIMER3B_Handler                          0x000003c5   Thumb Code     2  startup_tm4c123.o(.text)
    I2C1_Handler                             0x000003c7   Thumb Code     2  startup_tm4c123.o(.text)
    QEI1_Handler                             0x000003c9   Thumb Code     2  startup_tm4c123.o(.text)
    CAN0_Handler                             0x000003cb   Thumb Code     2  startup_tm4c123.o(.text)
    CAN1_Handler                             0x000003cd   Thumb Code     2  startup_tm4c123.o(.text)
    CAN2_Handler                             0x000003cf   Thumb Code     2  startup_tm4c123.o(.text)
    HIB_Handler                              0x000003d1   Thumb Code     2  startup_tm4c123.o(.text)
    USB0_Handler                             0x000003d3   Thumb Code     2  startup_tm4c123.o(.text)
    PWM0_3_Handler                           0x000003d5   Thumb Code     2  startup_tm4c123.o(.text)
    UDMA_Handler                             0x000003d7   Thumb Code     2  startup_tm4c123.o(.text)
    UDMAERR_Handler                          0x000003d9   Thumb Code     2  startup_tm4c123.o(.text)
    ADC1SS0_Handler                          0x000003db   Thumb Code     2  startup_tm4c123.o(.text)
    ADC1SS1_Handler                          0x000003dd   Thumb Code     2  startup_tm4c123.o(.text)
    ADC1SS2_Handler                          0x000003df   Thumb Code     2  startup_tm4c123.o(.text)
    ADC1SS3_Handler                          0x000003e1   Thumb Code     2  startup_tm4c123.o(.text)
    GPIOJ_Handler                            0x000003e3   Thumb Code     2  startup_tm4c123.o(.text)
    GPIOK_Handler                            0x000003e5   Thumb Code     2  startup_tm4c123.o(.text)
    GPIOL_Handler                            0x000003e7   Thumb Code     2  startup_tm4c123.o(.text)
    SSI2_Handler                             0x000003e9   Thumb Code     2  startup_tm4c123.o(.text)
    SSI3_Handler                             0x000003eb   Thumb Code     2  startup_tm4c123.o(.text)
    UART3_Handler                            0x000003ed   Thumb Code     2  startup_tm4c123.o(.text)
    UART4_Handler                            0x000003ef   Thumb Code     2  startup_tm4c123.o(.text)
    UART5_Handler                            0x000003f1   Thumb Code     2  startup_tm4c123.o(.text)
    UART6_Handler                            0x000003f3   Thumb Code     2  startup_tm4c123.o(.text)
    UART7_Handler                            0x000003f5   Thumb Code     2  startup_tm4c123.o(.text)
    I2C2_Handler                             0x000003f7   Thumb Code     2  startup_tm4c123.o(.text)
    I2C3_Handler                             0x000003f9   Thumb Code     2  startup_tm4c123.o(.text)
    TIMER4A_Handler                          0x000003fb   Thumb Code     2  startup_tm4c123.o(.text)
    TIMER4B_Handler                          0x000003fd   Thumb Code     2  startup_tm4c123.o(.text)
    TIMER5B_Handler                          0x00000401   Thumb Code     2  startup_tm4c123.o(.text)
    WTIMER0A_Handler                         0x00000403   Thumb Code     2  startup_tm4c123.o(.text)
    WTIMER0B_Handler                         0x00000405   Thumb Code     2  startup_tm4c123.o(.text)
    WTIMER1A_Handler                         0x00000407   Thumb Code     2  startup_tm4c123.o(.text)
    WTIMER1B_Handler                         0x00000409   Thumb Code     2  startup_tm4c123.o(.text)
    WTIMER2A_Handler                         0x0000040b   Thumb Code     2  startup_tm4c123.o(.text)
    WTIMER2B_Handler                         0x0000040d   Thumb Code     2  startup_tm4c123.o(.text)
    WTIMER3A_Handler                         0x0000040f   Thumb Code     2  startup_tm4c123.o(.text)
    WTIMER3B_Handler                         0x00000411   Thumb Code     2  startup_tm4c123.o(.text)
    WTIMER4A_Handler                         0x00000413   Thumb Code     2  startup_tm4c123.o(.text)
    WTIMER4B_Handler                         0x00000415   Thumb Code     2  startup_tm4c123.o(.text)
    WTIMER5A_Handler                         0x00000417   Thumb Code     2  startup_tm4c123.o(.text)
    WTIMER5B_Handler                         0x00000419   Thumb Code     2  startup_tm4c123.o(.text)
    FPU_Handler                              0x0000041b   Thumb Code     2  startup_tm4c123.o(.text)
    I2C4_Handler                             0x0000041d   Thumb Code     2  startup_tm4c123.o(.text)
    I2C5_Handler                             0x0000041f   Thumb Code     2  startup_tm4c123.o(.text)
    GPIOM_Handler                            0x00000421   Thumb Code     2  startup_tm4c123.o(.text)
    GPION_Handler                            0x00000423   Thumb Code     2  startup_tm4c123.o(.text)
    QEI2_Handler                             0x00000425   Thumb Code     2  startup_tm4c123.o(.text)
    GPIOP0_Handler                           0x00000427   Thumb Code     2  startup_tm4c123.o(.text)
    GPIOP1_Handler                           0x00000429   Thumb Code     2  startup_tm4c123.o(.text)
    GPIOP2_Handler                           0x0000042b   Thumb Code     2  startup_tm4c123.o(.text)
    GPIOP3_Handler                           0x0000042d   Thumb Code     2  startup_tm4c123.o(.text)
    GPIOP4_Handler                           0x0000042f   Thumb Code     2  startup_tm4c123.o(.text)
    GPIOP5_Handler                           0x00000431   Thumb Code     2  startup_tm4c123.o(.text)
    GPIOP6_Handler                           0x00000433   Thumb Code     2  startup_tm4c123.o(.text)
    GPIOP7_Handler                           0x00000435   Thumb Code     2  startup_tm4c123.o(.text)
    GPIOQ0_Handler                           0x00000437   Thumb Code     2  startup_tm4c123.o(.text)
    GPIOQ1_Handler                           0x00000439   Thumb Code     2  startup_tm4c123.o(.text)
    GPIOQ2_Handler                           0x0000043b   Thumb Code     2  startup_tm4c123.o(.text)
    GPIOQ3_Handler                           0x0000043d   Thumb Code     2  startup_tm4c123.o(.text)
    GPIOQ4_Handler                           0x0000043f   Thumb Code     2  startup_tm4c123.o(.text)
    GPIOQ5_Handler                           0x00000441   Thumb Code     2  startup_tm4c123.o(.text)
    GPIOQ6_Handler                           0x00000443   Thumb Code     2  startup_tm4c123.o(.text)
    GPIOQ7_Handler                           0x00000445   Thumb Code     2  startup_tm4c123.o(.text)
    GPIOR_Handler                            0x00000447   Thumb Code     2  startup_tm4c123.o(.text)
    GPIOS_Handler                            0x00000449   Thumb Code     2  startup_tm4c123.o(.text)
    PMW1_0_Handler                           0x0000044b   Thumb Code     2  startup_tm4c123.o(.text)
    PWM1_1_Handler                           0x0000044d   Thumb Code     2  startup_tm4c123.o(.text)
    PWM1_2_Handler                           0x0000044f   Thumb Code     2  startup_tm4c123.o(.text)
    PWM1_3_Handler                           0x00000451   Thumb Code     2  startup_tm4c123.o(.text)
    PWM1_FAULT_Handler                       0x00000453   Thumb Code     2  startup_tm4c123.o(.text)
    __user_initial_stackheap                 0x00000455   Thumb Code     0  startup_tm4c123.o(.text)
    LogicAnalyzerTask()                      0x00000475   Thumb Code    20  main.o(.text)
    ScopeTask()                              0x00000489   Thumb Code    12  main.o(.text)
    Profile_Init()                           0x00000495   Thumb Code    76  main.o(.text)
    EdgeCounter_Init()                       0x000004e1   Thumb Code   166  main.o(.text)
    printLives()                             0x00000587   Thumb Code    80  main.o(.text)
    checkCollisions(sprite)                  0x000005d7   Thumb Code   554  main.o(.text)
    Crouching()                              0x00000801   Thumb Code   956  main.o(.text)
    Jumping()                                0x00000bbd   Thumb Code  2128  main.o(.text)
    DrawBackground()                         0x0000140d   Thumb Code   820  main.o(.text)
    GPIOE_Handler                            0x00001741   Thumb Code    98  main.o(.text)
    SysTick_Init(unsigned long)              0x000017a3   Thumb Code    50  main.o(.text)
    Pause()                                  0x000017d5   Thumb Code   196  main.o(.text)
    SysTick_Handler                          0x00001899   Thumb Code   180  main.o(.text)
    title()                                  0x0000194d   Thumb Code   490  main.o(.text)
    chooseLang()                             0x00001b37   Thumb Code   212  main.o(.text)
    chooseChar()                             0x00001c0b   Thumb Code   328  main.o(.text)
    chooseLevel()                            0x00001d53   Thumb Code   560  main.o(.text)
    charDisplay()                            0x00001f83   Thumb Code   100  main.o(.text)
    start()                                  0x00001fe7   Thumb Code   196  main.o(.text)
    endScreen()                              0x000020ab   Thumb Code   354  main.o(.text)
    resetGame()                              0x0000220d   Thumb Code    80  main.o(.text)
    main                                     0x0000225d   Thumb Code   524  main.o(.text)
    Delay100ms(unsigned)                     0x00002469   Thumb Code    30  main.o(.text)
    DAC_Init()                               0x0000249d   Thumb Code    42  dac.o(.text)
    DAC_Out(unsigned char)                   0x000024c7   Thumb Code     8  dac.o(.text)
    Random_Init(unsigned)                    0x000024dd   Thumb Code     6  random.o(.text)
    Random32()                               0x000024e3   Thumb Code    22  random.o(.text)
    Random()                                 0x000024f9   Thumb Code    24  random.o(.text)
    ADC_Init()                               0x0000251d   Thumb Code   226  slidepot.o(.text)
    ADC_In()                                 0x000025ff   Thumb Code    38  slidepot.o(.text)
    SlidePot::SlidePot(unsigned, unsigned)   0x00002625   Thumb Code    14  slidepot.o(.text)
    SlidePot::SlidePot__sub_object(unsigned, unsigned) 0x00002625   Thumb Code     0  slidepot.o(.text)
    SlidePot::Convert(unsigned)              0x00002633   Thumb Code    12  slidepot.o(.text)
    SlidePot::Save(unsigned)                 0x0000263f   Thumb Code    24  slidepot.o(.text)
    SlidePot::Sync()                         0x00002657   Thumb Code    14  slidepot.o(.text)
    SlidePot::ADCsample()                    0x00002665   Thumb Code     6  slidepot.o(.text)
    SlidePot::Distance()                     0x0000266b   Thumb Code     6  slidepot.o(.text)
    SoundTask()                              0x00002689   Thumb Code    50  sound.o(.text)
    Sound_Init()                             0x000026bb   Thumb Code    14  sound.o(.text)
    Sound_Start(char*, unsigned)             0x000026c9   Thumb Code    38  sound.o(.text)
    SoundTask1()                             0x000026ef   Thumb Code    50  sound.o(.text)
    SoundST(const char*, unsigned)           0x00002721   Thumb Code    38  sound.o(.text)
    Timer0_Init(void(*)(), unsigned)         0x00002759   Thumb Code    74  timer0.o(.text)
    TIMER0A_Handler                          0x000027a3   Thumb Code    16  timer0.o(.text)
    Timer1_Init(void(*)(), unsigned)         0x000027c9   Thumb Code    74  timer1.o(.text)
    TIMER1A_Handler                          0x00002813   Thumb Code    16  timer1.o(.text)
    I2C3_Init(unsigned, unsigned)            0x00002839   Thumb Code   152  i2c3.o(.text)
    I2C3_Send(unsigned char, unsigned char*, unsigned) 0x000028d1   Thumb Code   220  i2c3.o(.text)
    I2C3_Send1(unsigned char, unsigned char) 0x000029ad   Thumb Code    54  i2c3.o(.text)
    I2C3_Send2(signed char, unsigned char, unsigned char) 0x000029e3   Thumb Code   106  i2c3.o(.text)
    I2C3_Send4(unsigned char, unsigned char, unsigned char, unsigned char, unsigned char) 0x00002a4d   Thumb Code   208  i2c3.o(.text)
    I2C3_Recv1(signed char)                  0x00002b1d   Thumb Code    82  i2c3.o(.text)
    I2C3_Recv(unsigned char, unsigned char*, unsigned) 0x00002b6f   Thumb Code   292  i2c3.o(.text)
    I2C3_Recv2(signed char)                  0x00002c93   Thumb Code   116  i2c3.o(.text)
    I2C3_Recv3(unsigned char, unsigned char*) 0x00002d07   Thumb Code   112  i2c3.o(.text)
    I2C3_SendData(unsigned char, unsigned char*, unsigned) 0x00002d77   Thumb Code   118  i2c3.o(.text)
    ssd1306command(unsigned char)            0x00002df1   Thumb Code    16  ssd1306.o(.text)
    ssd1306command1(unsigned char)           0x00002e01   Thumb Code    16  ssd1306.o(.text)
    ssd1306commandList(const unsigned char*, unsigned) 0x00002e11   Thumb Code    18  ssd1306.o(.text)
    Delay1ms(unsigned)                       0x00002e23   Thumb Code    32  ssd1306.o(.text)
    SSD1306_SetCursor(unsigned short, unsigned short) 0x00002e43   Thumb Code    94  ssd1306.o(.text)
    SSD1306_OutBuffer()                      0x00002ea1   Thumb Code    30  ssd1306.o(.text)
    SSD1306_ClearBuffer()                    0x00002ebf   Thumb Code    30  ssd1306.o(.text)
    SSD1306_Init(int)                        0x00002edd   Thumb Code   158  ssd1306.o(.text)
    SSD1306_DrawPixel(short, short, unsigned short) 0x00002f7b   Thumb Code   240  ssd1306.o(.text)
    SSD1306_SetPlot(int, int, int, int, unsigned short) 0x0000306b   Thumb Code    74  ssd1306.o(.text)
    SSD1306_DrawPoint(int, int)              0x000030b5   Thumb Code    96  ssd1306.o(.text)
    SSD1306_DrawChar(short, short, char, unsigned short) 0x00003115   Thumb Code   100  ssd1306.o(.text)
    SSD1306_DrawString(short, short, char*, unsigned short) 0x00003179   Thumb Code    38  ssd1306.o(.text)
    SSD1306_OutClear()                       0x0000319f   Thumb Code    12  ssd1306.o(.text)
    SSD1306_DrawBMP(unsigned char, unsigned char, const unsigned char*, unsigned char, unsigned short) 0x000031ab   Thumb Code   620  ssd1306.o(.text)
    ssd1306drawFastHLineInternal(short, short, short, unsigned short) 0x00003417   Thumb Code   160  ssd1306.o(.text)
    ssd1306drawFastVLineInternal(short, short, short, unsigned short) 0x000034b7   Thumb Code   344  ssd1306.o(.text)
    SSD1306_DrawFastHLine(short, short, short, unsigned short) 0x0000360f   Thumb Code   134  ssd1306.o(.text)
    SSD1306_DrawFastVLine(short, short, short, unsigned short) 0x00003695   Thumb Code   134  ssd1306.o(.text)
    SSD1306_GetPixel(short, short)           0x0000371b   Thumb Code   116  ssd1306.o(.text)
    SSD1306_GetBuffer()                      0x0000378f   Thumb Code     4  ssd1306.o(.text)
    SSD1306_DrawFullImage(const unsigned char*) 0x00003793   Thumb Code    40  ssd1306.o(.text)
    SSD1306_startscrollright(unsigned char, unsigned char) 0x000037bb   Thumb Code    42  ssd1306.o(.text)
    SSD1306_startscrollleft(unsigned char, unsigned char) 0x000037e5   Thumb Code    42  ssd1306.o(.text)
    SSD1306_startscrolldiagright(unsigned char, unsigned char) 0x0000380f   Thumb Code    56  ssd1306.o(.text)
    SSD1306_startscrolldiagleft(unsigned char, unsigned char) 0x00003847   Thumb Code    56  ssd1306.o(.text)
    SSD1306_stopscroll()                     0x0000387f   Thumb Code    10  ssd1306.o(.text)
    SSD1306_InvertDisplay(int)               0x00003889   Thumb Code    20  ssd1306.o(.text)
    SSD1306_Dim(int)                         0x0000389d   Thumb Code    40  ssd1306.o(.text)
    SSD1306_OutChar                          0x000038c5   Thumb Code   238  ssd1306.o(.text)
    SSD1306_OutString                        0x000039b3   Thumb Code    22  ssd1306.o(.text)
    SSD1306_OutUDec(unsigned short)          0x000039c9   Thumb Code   492  ssd1306.o(.text)
    SSD1306_OutSDec(short)                   0x00003bb5   Thumb Code   428  ssd1306.o(.text)
    SSD1306_OutUFix1(unsigned short)         0x00003d61   Thumb Code   108  ssd1306.o(.text)
    SSD1306_OutSFix1(int)                    0x00003dcd   Thumb Code   212  ssd1306.o(.text)
    SSD1306_OutHex7(unsigned char)           0x00003ea1   Thumb Code    36  ssd1306.o(.text)
    SSD1306_OutUHex7(unsigned char)          0x00003ec5   Thumb Code    34  ssd1306.o(.text)
    SSD1306_OutUDec16(unsigned)              0x00003ee7   Thumb Code   144  ssd1306.o(.text)
    SSD1306_OutUDec2(unsigned)               0x00003f77   Thumb Code    82  ssd1306.o(.text)
    UART0_Init()                             0x00003fcd   Thumb Code   152  texas.o(.text)
    ADC1_Init()                              0x00004065   Thumb Code   180  texas.o(.text)
    PLL_Init()                               0x00004119   Thumb Code   120  texas.o(.text)
    TExaS_Init(void(*)())                    0x00004191   Thumb Code    96  texas.o(.text)
    TIMER5A_Handler                          0x000041f1   Thumb Code    16  texas.o(.text)
    TExaS_Stop()                             0x00004201   Thumb Code    18  texas.o(.text)
    Timer2_Init(void(*)(), unsigned long)    0x00004251   Thumb Code    74  timer2.o(.text)
    TIMER2A_Handler                          0x0000429b   Thumb Code    16  timer2.o(.text)
    __use_two_region_memory                  0x000042c1   Thumb Code     2  heapauxi.o(.text)
    __rt_heap_escrow$2region                 0x000042c3   Thumb Code     2  heapauxi.o(.text)
    __rt_heap_expand$2region                 0x000042c5   Thumb Code     2  heapauxi.o(.text)
    __cpp_initialize__aeabi_                 0x000042c9   Thumb Code    26  init_aeabi.o(.text)
    __user_setup_stackheap                   0x000042ed   Thumb Code    74  sys_stackheap_outer.o(.text)
    exit                                     0x00004337   Thumb Code    18  exit.o(.text)
    __user_libspace                          0x00004349   Thumb Code     8  libspace.o(.text)
    __user_perproc_libspace                  0x00004349   Thumb Code     0  libspace.o(.text)
    __user_perthread_libspace                0x00004349   Thumb Code     0  libspace.o(.text)
    __I$use$semihosting                      0x00004351   Thumb Code     0  use_no_semi.o(.text)
    __use_no_semihosting_swi                 0x00004351   Thumb Code     2  use_no_semi.o(.text)
    __semihosting_library_function           0x00004353   Thumb Code     0  indicate_semi.o(.text)
    _sys_exit                                0x00004355   Thumb Code     8  sys_exit.o(.text)
    Region$$Table$$Base                      0x00006fa4   Number         0  anon$$obj.o(Region$$Table)
    Region$$Table$$Limit                     0x00006fc4   Number         0  anon$$obj.o(Region$$Table)
    SHT$$INIT_ARRAY$$Base                    0x00006fc4   Number         0  main.o(.init_array)
    SHT$$INIT_ARRAY$$Limit                   0x00006fc8   Number         0  init_aeabi.o(.init_array)
    jump                                     0x20000000   Data        1696  main.o(.data)
    mario                                    0x200006a0   Data          16  main.o(.data)
    mariojumping                             0x200006b0   Data          16  main.o(.data)
    mariocrouching                           0x200006c0   Data          16  main.o(.data)
    luigi1                                   0x200006d0   Data          16  main.o(.data)
    luigijumping                             0x200006e0   Data          16  main.o(.data)
    luigicrouching                           0x200006f0   Data          16  main.o(.data)
    yoshi                                    0x20000700   Data          16  main.o(.data)
    yoshijumping                             0x20000710   Data          16  main.o(.data)
    yoshicrouching                           0x20000720   Data          16  main.o(.data)
    snowman                                  0x20000730   Data          16  main.o(.data)
    flyball                                  0x20000740   Data          16  main.o(.data)
    FallingEdges                             0x20000750   Data           4  main.o(.data)
    ready                                    0x20000754   Data           4  main.o(.data)
    keepTrack                                0x20000758   Data           4  main.o(.data)
    Lives                                    0x2000075c   Data           4  main.o(.data)
    score                                    0x20000760   Data           4  main.o(.data)
    lifeDone                                 0x20000764   Data           1  main.o(.data)
    lang                                     0x20000768   Data           4  main.o(.data)
    level                                    0x2000076c   Data           4  main.o(.data)
    sub                                      0x20000770   Data           4  main.o(.data)
    data                                     0x20000774   Data           4  main.o(.data)
    next                                     0x20000778   Data           4  main.o(.data)
    toExit                                   0x2000077c   Data           4  main.o(.data)
    length                                   0x20000784   Data           4  sound.o(.data)
    SoundPt                                  0x20000788   Data           4  sound.o(.data)
    sp                                       0x2000078c   Data           4  sound.o(.data)
    PeriodicTask0                            0x20000790   Data           4  timer0.o(.data)
    PeriodicTask1                            0x20000794   Data           4  timer1.o(.data)
    vccstate                                 0x20000798   Data           4  ssd1306.o(.data)
    rotation                                 0x2000079c   Data           4  ssd1306.o(.data)
    StartX                                   0x200007ba   Data           2  ssd1306.o(.data)
    CurrentX                                 0x200007bc   Data           2  ssd1306.o(.data)
    StartY                                   0x200007be   Data           2  ssd1306.o(.data)
    CurrentY                                 0x200007c0   Data           2  ssd1306.o(.data)
    sendDataPt                               0x200007c4   Data           4  texas.o(.data)
    PeriodicTask2                            0x200007c8   Data           4  timer2.o(.data)
    my                                       0x200007cc   Data          20  main.o(.bss)
    buffer                                   0x200007e0   Data        1024  ssd1306.o(.bss)
    __libspace_start                         0x20000be0   Data          96  libspace.o(.bss)
    __temporary_stack_top$libspace           0x20000c40   Data           0  libspace.o(.bss)



==============================================================================

Memory Map of the image

  Image Entry point : 0x0000026d

  Load Region LR_IROM1 (Base: 0x00000000, Size: 0x00007794, Max: 0x00040000, ABSOLUTE, COMPRESSED[0x000072bc])

    Execution Region ER_IROM1 (Exec base: 0x00000000, Load base: 0x00000000, Size: 0x00006fc8, Max: 0x00040000, ABSOLUTE)

    Exec Addr    Load Addr    Size         Type   Attr      Idx    E Section Name        Object

    0x00000000   0x00000000   0x0000026c   Data   RO            3    RESET               startup_tm4c123.o
    0x0000026c   0x0000026c   0x00000008   Code   RO          238  * !!!main             c_w.l(__main.o)
    0x00000274   0x00000274   0x00000034   Code   RO          405    !!!scatter          c_w.l(__scatter.o)
    0x000002a8   0x000002a8   0x0000005a   Code   RO          403    !!dczerorl2         c_w.l(__dczerorl2.o)
    0x00000302   0x00000302   0x00000002   PAD
    0x00000304   0x00000304   0x0000001c   Code   RO          407    !!handler_zi        c_w.l(__scatter_zi.o)
    0x00000320   0x00000320   0x00000002   Code   RO          324    .ARM.Collect$$libinit$$00000000  c_w.l(libinit.o)
    0x00000322   0x00000322   0x00000000   Code   RO          248    .ARM.Collect$$libinit$$00000002  c_w.l(libinit2.o)
    0x00000322   0x00000322   0x00000000   Code   RO          250    .ARM.Collect$$libinit$$00000004  c_w.l(libinit2.o)
    0x00000322   0x00000322   0x00000000   Code   RO          253    .ARM.Collect$$libinit$$0000000A  c_w.l(libinit2.o)
    0x00000322   0x00000322   0x00000000   Code   RO          255    .ARM.Collect$$libinit$$0000000C  c_w.l(libinit2.o)
    0x00000322   0x00000322   0x00000000   Code   RO          257    .ARM.Collect$$libinit$$0000000E  c_w.l(libinit2.o)
    0x00000322   0x00000322   0x00000000   Code   RO          260    .ARM.Collect$$libinit$$00000011  c_w.l(libinit2.o)
    0x00000322   0x00000322   0x00000000   Code   RO          262    .ARM.Collect$$libinit$$00000013  c_w.l(libinit2.o)
    0x00000322   0x00000322   0x00000000   Code   RO          264    .ARM.Collect$$libinit$$00000015  c_w.l(libinit2.o)
    0x00000322   0x00000322   0x00000000   Code   RO          266    .ARM.Collect$$libinit$$00000017  c_w.l(libinit2.o)
    0x00000322   0x00000322   0x00000000   Code   RO          268    .ARM.Collect$$libinit$$00000019  c_w.l(libinit2.o)
    0x00000322   0x00000322   0x00000000   Code   RO          270    .ARM.Collect$$libinit$$0000001B  c_w.l(libinit2.o)
    0x00000322   0x00000322   0x00000000   Code   RO          272    .ARM.Collect$$libinit$$0000001D  c_w.l(libinit2.o)
    0x00000322   0x00000322   0x00000000   Code   RO          274    .ARM.Collect$$libinit$$0000001F  c_w.l(libinit2.o)
    0x00000322   0x00000322   0x00000000   Code   RO          276    .ARM.Collect$$libinit$$00000021  c_w.l(libinit2.o)
    0x00000322   0x00000322   0x00000000   Code   RO          278    .ARM.Collect$$libinit$$00000023  c_w.l(libinit2.o)
    0x00000322   0x00000322   0x00000000   Code   RO          280    .ARM.Collect$$libinit$$00000025  c_w.l(libinit2.o)
    0x00000322   0x00000322   0x00000000   Code   RO          284    .ARM.Collect$$libinit$$0000002C  c_w.l(libinit2.o)
    0x00000322   0x00000322   0x00000000   Code   RO          286    .ARM.Collect$$libinit$$0000002E  c_w.l(libinit2.o)
    0x00000322   0x00000322   0x00000000   Code   RO          288    .ARM.Collect$$libinit$$00000030  c_w.l(libinit2.o)
    0x00000322   0x00000322   0x00000004   Code   RO          289    .ARM.Collect$$libinit$$00000031  c_w.l(libinit2.o)
    0x00000326   0x00000326   0x00000000   Code   RO          290    .ARM.Collect$$libinit$$00000032  c_w.l(libinit2.o)
    0x00000326   0x00000326   0x00000002   Code   RO          291    .ARM.Collect$$libinit$$00000033  c_w.l(libinit2.o)
    0x00000328   0x00000328   0x00000002   Code   RO          362    .ARM.Collect$$libshutdown$$00000000  c_w.l(libshutdown.o)
    0x0000032a   0x0000032a   0x00000000   Code   RO          368    .ARM.Collect$$libshutdown$$00000002  c_w.l(libshutdown2.o)
    0x0000032a   0x0000032a   0x00000000   Code   RO          370    .ARM.Collect$$libshutdown$$00000004  c_w.l(libshutdown2.o)
    0x0000032a   0x0000032a   0x00000000   Code   RO          372    .ARM.Collect$$libshutdown$$00000006  c_w.l(libshutdown2.o)
    0x0000032a   0x0000032a   0x00000000   Code   RO          375    .ARM.Collect$$libshutdown$$00000009  c_w.l(libshutdown2.o)
    0x0000032a   0x0000032a   0x00000000   Code   RO          378    .ARM.Collect$$libshutdown$$0000000C  c_w.l(libshutdown2.o)
    0x0000032a   0x0000032a   0x00000000   Code   RO          380    .ARM.Collect$$libshutdown$$0000000E  c_w.l(libshutdown2.o)
    0x0000032a   0x0000032a   0x00000000   Code   RO          383    .ARM.Collect$$libshutdown$$00000011  c_w.l(libshutdown2.o)
    0x0000032a   0x0000032a   0x00000002   Code   RO          384    .ARM.Collect$$libshutdown$$00000012  c_w.l(libshutdown2.o)
    0x0000032c   0x0000032c   0x00000000   Code   RO          246    .ARM.Collect$$rtentry$$00000000  c_w.l(__rtentry.o)
    0x0000032c   0x0000032c   0x00000000   Code   RO          293    .ARM.Collect$$rtentry$$00000002  c_w.l(__rtentry2.o)
    0x0000032c   0x0000032c   0x00000006   Code   RO          305    .ARM.Collect$$rtentry$$00000004  c_w.l(__rtentry4.o)
    0x00000332   0x00000332   0x00000000   Code   RO          295    .ARM.Collect$$rtentry$$00000009  c_w.l(__rtentry2.o)
    0x00000332   0x00000332   0x00000004   Code   RO          296    .ARM.Collect$$rtentry$$0000000A  c_w.l(__rtentry2.o)
    0x00000336   0x00000336   0x00000000   Code   RO          298    .ARM.Collect$$rtentry$$0000000C  c_w.l(__rtentry2.o)
    0x00000336   0x00000336   0x00000008   Code   RO          299    .ARM.Collect$$rtentry$$0000000D  c_w.l(__rtentry2.o)
    0x0000033e   0x0000033e   0x00000002   Code   RO          330    .ARM.Collect$$rtexit$$00000000  c_w.l(rtexit.o)
    0x00000340   0x00000340   0x00000000   Code   RO          342    .ARM.Collect$$rtexit$$00000002  c_w.l(rtexit2.o)
    0x00000340   0x00000340   0x00000004   Code   RO          343    .ARM.Collect$$rtexit$$00000003  c_w.l(rtexit2.o)
    0x00000344   0x00000344   0x00000006   Code   RO          344    .ARM.Collect$$rtexit$$00000004  c_w.l(rtexit2.o)
    0x0000034a   0x0000034a   0x00000002   PAD
    0x0000034c   0x0000034c   0x00000128   Code   RO            4    .text               startup_tm4c123.o
    0x00000474   0x00000474   0x00002028   Code   RO           10    .text               main.o
    0x0000249c   0x0000249c   0x00000040   Code   RO           60    .text               dac.o
    0x000024dc   0x000024dc   0x00000040   Code   RO           79    .text               random.o
    0x0000251c   0x0000251c   0x0000016c   Code   RO           94    .text               slidepot.o
    0x00002688   0x00002688   0x000000d0   Code   RO          107    .text               sound.o
    0x00002758   0x00002758   0x00000070   Code   RO          123    .text               timer0.o
    0x000027c8   0x000027c8   0x00000070   Code   RO          139    .text               timer1.o
    0x00002838   0x00002838   0x000005b8   Code   RO          155    .text               i2c3.o
    0x00002df0   0x00002df0   0x000011dc   Code   RO          171    .text               ssd1306.o
    0x00003fcc   0x00003fcc   0x00000284   Code   RO          196    .text               texas.o
    0x00004250   0x00004250   0x00000070   Code   RO          212    .text               timer2.o
    0x000042c0   0x000042c0   0x00000006   Code   RO          236    .text               c_w.l(heapauxi.o)
    0x000042c6   0x000042c6   0x00000002   PAD
    0x000042c8   0x000042c8   0x00000024   Code   RO          243    .text               c_w.l(init_aeabi.o)
    0x000042ec   0x000042ec   0x0000004a   Code   RO          311    .text               c_w.l(sys_stackheap_outer.o)
    0x00004336   0x00004336   0x00000012   Code   RO          313    .text               c_w.l(exit.o)
    0x00004348   0x00004348   0x00000008   Code   RO          327    .text               c_w.l(libspace.o)
    0x00004350   0x00004350   0x00000002   Code   RO          338    .text               c_w.l(use_no_semi.o)
    0x00004352   0x00004352   0x00000000   Code   RO          340    .text               c_w.l(indicate_semi.o)
    0x00004352   0x00004352   0x00000002   PAD
    0x00004354   0x00004354   0x0000000c   Code   RO          354    .text               c_w.l(sys_exit.o)
    0x00004360   0x00004360   0x000026a0   Data   RO           13    .constdata          main.o
    0x00006a00   0x00006a00   0x000005a3   Data   RO          174    .constdata          ssd1306.o
    0x00006fa3   0x00006fa3   0x00000001   PAD
    0x00006fa4   0x00006fa4   0x00000020   Data   RO          401    Region$$Table       anon$$obj.o
    0x00006fc4   0x00006fc4   0x00000004   Data   RO           15    .init_array         main.o
    0x00006fc8   0x00006fc4   0x00000000   Data   RO          241    .init_array         c_w.l(init_aeabi.o)


    Execution Region RW_IRAM1 (Exec base: 0x20000000, Load base: 0x00006fc8, Size: 0x00001440, Max: 0x00008000, ABSOLUTE, COMPRESSED[0x000002f4])

    Exec Addr    Load Addr    Size         Type   Attr      Idx    E Section Name        Object

    0x20000000   COMPRESSED   0x00000780   Data   RW           14    .data               main.o
    0x20000780   COMPRESSED   0x00000004   Data   RW           81    .data               random.o
    0x20000784   COMPRESSED   0x0000000c   Data   RW          109    .data               sound.o
    0x20000790   COMPRESSED   0x00000004   Data   RW          125    .data               timer0.o
    0x20000794   COMPRESSED   0x00000004   Data   RW          141    .data               timer1.o
    0x20000798   COMPRESSED   0x0000002a   Data   RW          175    .data               ssd1306.o
    0x200007c2   COMPRESSED   0x00000002   PAD
    0x200007c4   COMPRESSED   0x00000004   Data   RW          198    .data               texas.o
    0x200007c8   COMPRESSED   0x00000004   Data   RW          214    .data               timer2.o
    0x200007cc        -       0x00000014   Zero   RW           12    .bss                main.o
    0x200007e0        -       0x00000400   Zero   RW          173    .bss                ssd1306.o
    0x20000be0        -       0x00000060   Zero   RW          328    .bss                c_w.l(libspace.o)
    0x20000c40        -       0x00000400   Zero   RW            2    HEAP                startup_tm4c123.o
    0x20001040        -       0x00000400   Zero   RW            1    STACK               startup_tm4c123.o


==============================================================================

Image component sizes


      Code (inc. data)   RO Data    RW Data    ZI Data      Debug   Object Name

        64         14          0          0          0       1755   dac.o
      1464         24          0          0          0       4392   i2c3.o
      8232       1074       9892       1920         20      17338   main.o
        64         12          0          4          0        898   random.o
       364         24          0          0          0       1694   slidepot.o
       208         18          0         12          0       1442   sound.o
      4572        198       1443         42       1024      14716   ssd1306.o
       296         22        620          0       2048       5612   startup_tm4c123.o
       644         62          0          4          0       2775   texas.o
       112         22          0          4          0       1230   timer0.o
       112         22          0          4          0       1230   timer1.o
       112         22          0          4          0       1246   timer2.o

    ----------------------------------------------------------------------
     16244       1514      11988       1996       3092      54328   Object Totals
         0          0         32          0          0          0   (incl. Generated)
         0          0          1          2          0          0   (incl. Padding)

    ----------------------------------------------------------------------

      Code (inc. data)   RO Data    RW Data    ZI Data      Debug   Library Member Name

        90          0          0          0          0          0   __dczerorl2.o
         8          0          0          0          0         68   __main.o
         0          0          0          0          0          0   __rtentry.o
        12          0          0          0          0          0   __rtentry2.o
         6          0          0          0          0          0   __rtentry4.o
        52          8          0          0          0          0   __scatter.o
        28          0          0          0          0          0   __scatter_zi.o
        18          0          0          0          0         80   exit.o
         6          0          0          0          0        152   heapauxi.o
         0          0          0          0          0          0   indicate_semi.o
        36         10          0          0          0         80   init_aeabi.o
         2          0          0          0          0          0   libinit.o
         6          0          0          0          0          0   libinit2.o
         2          0          0          0          0          0   libshutdown.o
         2          0          0          0          0          0   libshutdown2.o
         8          4          0          0         96         68   libspace.o
         2          0          0          0          0          0   rtexit.o
        10          0          0          0          0          0   rtexit2.o
        12          4          0          0          0         68   sys_exit.o
        74          0          0          0          0         80   sys_stackheap_outer.o
         2          0          0          0          0         68   use_no_semi.o

    ----------------------------------------------------------------------
       384         26          0          0         96        664   Library Totals
         8          0          0          0          0          0   (incl. Padding)

    ----------------------------------------------------------------------

      Code (inc. data)   RO Data    RW Data    ZI Data      Debug   Library Name

       376         26          0          0         96        664   c_w.l

    ----------------------------------------------------------------------
       384         26          0          0         96        664   Library Totals

    ----------------------------------------------------------------------

==============================================================================


      Code (inc. data)   RO Data    RW Data    ZI Data      Debug   

     16628       1540      11988       1996       3188      53948   Grand Totals
     16628       1540      11988        756       3188      53948   ELF Image Totals (compressed)
     16628       1540      11988        756          0          0   ROM Totals

==============================================================================

    Total RO  Size (Code + RO Data)                28616 (  27.95kB)
    Total RW  Size (RW Data + ZI Data)              5184 (   5.06kB)
    Total ROM Size (Code + RO Data + RW Data)      29372 (  28.68kB)

==============================================================================

